<!DOCTYPE html>
<html>
<head>
<meta charset="utf-8" />
<meta name="viewport" content="width=device-width, initial-scale=1" />
<title>DumpDetective Analysis Report</title>
<style>
body{margin:0;padding:0;background:#f5f7fb;color:#1f2937;font-family:Segoe UI,Arial,sans-serif;line-height:1.45;}
.container{max-width:1200px;margin:0 auto;padding:24px;}
.header-card,.section-card{background:#ffffff;border:1px solid #e5e7eb;border-radius:10px;box-shadow:0 1px 2px rgba(0,0,0,.05);}
.header-card{padding:16px 18px;margin-bottom:16px;}
.meta-grid{display:grid;grid-template-columns:repeat(auto-fit,minmax(260px,1fr));gap:10px 16px;margin-top:10px;}
.meta-item{font-size:14px;}
.meta-label{font-weight:600;color:#374151;}
.dedup-note{margin-top:10px;padding:10px 12px;border-radius:8px;background:#eff6ff;color:#1d4ed8;font-size:14px;}
.section-card{padding:14px 16px;margin-bottom:14px;}
.section-header{display:flex;align-items:center;gap:10px;flex-wrap:wrap;margin-bottom:6px;}
.severity-badge{display:inline-block;padding:2px 8px;border-radius:999px;font-size:12px;font-weight:700;letter-spacing:.02em;text-transform:uppercase;}
.severity-critical{background:#fee2e2;color:#b91c1c;}
.severity-warning{background:#fef3c7;color:#92400e;}
.severity-info{background:#dbeafe;color:#1e3a8a;}
.category{font-size:12px;color:#6b7280;background:#f3f4f6;padding:2px 8px;border-radius:999px;}
.summary{margin:8px 0 10px 0;}
table{border-collapse:collapse;width:100%;background:#ffffff;}
thead th{background:#f9fafb;font-weight:600;border:1px solid #e5e7eb;padding:8px;text-align:left;}
tbody td{border:1px solid #e5e7eb;padding:8px;vertical-align:top;}
tbody tr:nth-child(even){background:#fcfcfd;}
.wrap{overflow-wrap:anywhere;word-break:break-word;}
.remediation-title{margin:12px 0 6px 0;font-size:15px;}
.remediation-list{margin:0;padding-left:20px;}
.detail-item{margin-bottom:10px;border:1px solid #e5e7eb;border-radius:8px;background:#f8fafc;}
.detail-item>summary{cursor:pointer;padding:10px 12px;font-weight:600;color:#0f172a;list-style:none;}
.detail-item>summary::-webkit-details-marker{display:none;}
.detail-item>summary::after{content:'▸';float:right;color:#64748b;}
.detail-item[open]>summary::after{content:'▾';}
.detail-block{background:#0f172a;color:#e5e7eb;border-radius:8px;padding:12px;overflow:auto;font-family:Consolas,"Cascadia Mono",monospace;font-size:13px;line-height:1.5;}
.detail-subheading{font-weight:700;color:#93c5fd;margin:8px 0 4px 0;}
.detail-divider{height:1px;background:#334155;margin:6px 0;}
.detail-line{white-space:pre-wrap;overflow-wrap:anywhere;word-break:break-word;}
.detail-key{color:#a7f3d0;font-weight:600;}
.detail-value{color:#e5e7eb;}
.detail-path{color:#fde68a;font-weight:600;}
.detail-gap{height:8px;}
.detail-indent-1{padding-left:12px;}
.detail-indent-2{padding-left:24px;}
.detail-block table{background:transparent;border-collapse:collapse;width:100%;margin:8px 0;color:#e5e7eb;}
.detail-block thead th{background:#1e293b;color:#93c5fd;font-weight:600;border:1px solid #334155;padding:6px 8px;text-align:left;}
.detail-block tbody td{border:1px solid #334155;padding:5px 8px;vertical-align:top;overflow-wrap:anywhere;word-break:break-word;}
.detail-block tbody tr:nth-child(even){background:rgba(255,255,255,0.04);}
.detail-block caption{color:#94a3b8;font-size:13px;font-weight:600;text-align:left;padding:2px 0 4px 0;caption-side:top;}
nav.toc{background:#ffffff;border:1px solid #e5e7eb;border-radius:10px;box-shadow:0 1px 2px rgba(0,0,0,.05);padding:16px 18px;margin-bottom:16px;}
nav.toc h2{margin:0 0 10px 0;font-size:16px;color:#1f2937;}
nav.toc ol{margin:0;padding-left:20px;column-count:auto;column-width:280px;column-gap:24px;}
nav.toc li{margin:4px 0;font-size:14px;}
nav.toc a{color:#1d4ed8;text-decoration:none;}
nav.toc a:hover{text-decoration:underline;}
.toc-badge{display:inline-block;padding:1px 6px;border-radius:999px;font-size:11px;font-weight:700;text-transform:uppercase;margin-left:5px;vertical-align:middle;}
</style>
</head>
<body>
<main class="container">
<section id="section-header" class="header-card" aria-labelledby="section-header-heading">
<h1 id="section-header-heading">DumpDetective Analysis Report</h1>
<div class="meta-grid">
<div class="meta-item"><span class="meta-label">Dump:</span> <span class="wrap">C:/fixtures/DuplicateHeavy.dmp</span></div>
<div class="meta-item"><span class="meta-label">Generated (UTC):</span> <time datetime="2026-01-01T12:00:00Z">2026-01-01 12:00:00</time></div>
<div class="meta-item"><span class="meta-label">Elapsed:</span> <span data-value="8.100">8.1s</span></div>
</div>
<div class="dedup-note"><strong>Dedup:</strong> merged <span data-value="3">3</span>/<span data-value="3">3</span></div>
</section>
<nav class="toc" aria-labelledby="toc-heading">
<h2 id="toc-heading">Contents</h2>
<ol>
<li><a href="#finding-0">Duplicate-heavy merged section</a><span class="toc-badge severity-critical">Critical</span></li>
</ol>
</nav>
<section id="finding-0" class="section-card" aria-labelledby="finding-0-heading">
<div class="section-header">
<span class="severity-badge severity-critical">Critical</span>
<h2 id="finding-0-heading">Duplicate-heavy merged section</h2>
<span class="category">Leak</span>
</div>
<p class="summary">Merged duplicate leak evidence from multiple analyzers.</p>
<table>
<thead><tr><th scope="col">Label</th><th scope="col">Value</th></tr></thead>
<tbody>
<tr><td>EvidenceA</td><td class="wrap">A repeated payload instance</td></tr>
<tr><td>EvidenceB</td><td class="wrap">Another repeated payload instance</td></tr>
</tbody>
</table>
<h3 class="remediation-title">Remediation</h3><ul class="remediation-list">
<li class="wrap">Deduplicate payload cache keys.</li>
<li class="wrap">Review object retention roots.</li>
</ul>
</section>
<script type="application/json" id="report-data">{"schemaVersion":"1.0","dumpPath":"C:/fixtures/DuplicateHeavy.dmp","generatedAtUtc":"2026-01-01T12:00:00Z","elapsedSeconds":8.1,"isTrendReport":false,"dedup":{"mergedSections":3,"duplicateCandidates":3},"executiveSummary":[],"developerActionPlan":[],"sections":[{"id":"finding-0","title":"Duplicate-heavy merged section","category":"Leak","severity":"Critical","summary":"Merged duplicate leak evidence from multiple analyzers.","evidence":[{"label":"EvidenceA","value":"A repeated payload instance"},{"label":"EvidenceB","value":"Another repeated payload instance"}],"remediation":["Deduplicate payload cache keys.","Review object retention roots."]}]}</script>
</main>
</body></html>