# DumpDetective Analysis Report

> Dump: `C:/fixtures/BaselineSmall.dmp`  
> Generated (UTC): `2026-01-01 12:00:00`  
> Elapsed: `12.3s`
> Schema: `2.1`

 
## Table of Contents

### Findings

- [Leak pressure](#finding-0)

## Findings

<a id="finding-0"></a>
## [Warning] Leak pressure

Detected duplicate strings.
- Analyzer: RetentionAnalyzer
- Value: System.String duplicated

**Remediation**

- Pool repeated string payloads.

