# DumpDetective Analysis Report

> Dump: `C:/fixtures/MixedSeverity.dmp`  
> Generated (UTC): `2026-01-01 12:00:00`  
> Elapsed: `6.6s`
> Schema: `2.0`

> Dedup merged **0** section(s) from **0** candidate duplicate(s).

## Findings

## [Critical] Critical leak

Critical item

**Remediation**

- Handle now

## [Warning] Warning leak

Warning item

**Remediation**

- Plan remediation

## [Info] Info signal

Informational item

**Remediation**

- Observe

