<!DOCTYPE html>
<html>
<head>
<meta charset="utf-8" />
<style>body{font-family:Segoe UI,Arial,sans-serif;} table{border-collapse:collapse;width:100%;} td,th{border:1px solid #ddd;padding:6px;vertical-align:top;} .wrap{overflow-wrap:anywhere;word-break:break-word;} </style>
</head>
<body>
<h1>DumpDetective Analysis Report</h1>
<p><strong>Dump:</strong> C:/fixtures/DuplicateHeavy.dmp<br/><strong>Generated (UTC):</strong> 2026-01-01 12:00:00<br/><strong>Elapsed:</strong> 8.1s</p>
<p><strong>Dedup:</strong> merged 3/3</p>
<h2>[Critical] Duplicate-heavy merged section</h2>
<p>Merged duplicate leak evidence from multiple analyzers.</p>
<table>
<thead><tr><th>Label</th><th>Value</th></tr></thead>
<tbody>
<tr><td>EvidenceA</td><td class="wrap">A repeated payload instance</td></tr>
<tr><td>EvidenceB</td><td class="wrap">Another repeated payload instance</td></tr>
</tbody>
</table>
<h3>Remediation</h3><ul>
<li class="wrap">Deduplicate payload cache keys.</li>
<li class="wrap">Review object retention roots.</li>
</ul>
</body></html>
