DumpDetective Analysis Report
====================================================================================================
Dump: C:/fixtures/LongNames.dmp
Generated (UTC): 2026-01-01 12:00:00
Elapsed: 4.2s
Schema: 2.0

Dedup: merged 0/0 candidate duplicates

FINDINGS
====================================================================================================
[Warning] Long member/type names (Memory)
----------------------------------------------------------------------------------------------------
Long identifiers are preserved end-to-end.
- Type: VeryLongTypeName_ABCDEFGHIJKLMNOPQRSTUVWXYZ0123456789ABCDEFGHIJKLMNOP
- Member: VeryLongMemberName_ABCDEFGHIJKLMNOPQRSTUVWXYZ0123456789ABCDEFGHIJKLMN
Remediation:
  - Keep full value visibility; do not truncate.
