DumpDetective Analysis Report
====================================================================================================
Dump: C:/fixtures/MixedSeverity.dmp
Generated (UTC): 2026-01-01 12:00:00
Elapsed: 6.6s
Schema: 2.0

Dedup: merged 0/0 candidate duplicates

FINDINGS
====================================================================================================
[Critical] Critical leak (Leak)
----------------------------------------------------------------------------------------------------
Critical item
Remediation:
  - Handle now

[Warning] Warning leak (Leak)
----------------------------------------------------------------------------------------------------
Warning item
Remediation:
  - Plan remediation

[Info] Info signal (Info)
----------------------------------------------------------------------------------------------------
Informational item
Remediation:
  - Observe

